// Bun Snapshot v1, https://bun.sh/docs/test/snapshots

exports[`Should compile without errors 1`] = `
"import { compiledApi as tsql } from "tsql";
import { User } from "./";

type QueryProps = { id: string; };

export default function execGetUserQuery({ id }: QueryProps) {

        const query = \`SELECT id, name, email FROM users
WHERE id = ?;\`;
}
"
`;
